add_song: SUCCESS
add_playlist: SUCCESS
get_plays: SUCCESS, 378
add_to_playlist: SUCCESS
add_song: SUCCESS
get_num_songs: SUCCESS, 1
add_song: SUCCESS
add_to_playlist: SUCCESS
get_by_plays: SUCCESS, 925774
add_song: SUCCESS
get_num_songs: SUCCESS, 2
add_song: SUCCESS
add_song: SUCCESS
add_playlist: SUCCESS
get_plays: SUCCESS, 354
delete_song: SUCCESS
add_playlist: SUCCESS
delete_playlist: SUCCESS
delete_song: SUCCESS
add_playlist: SUCCESS
add_to_playlist: SUCCESS
add_playlist: SUCCESS
get_num_songs: SUCCESS, 0
add_to_playlist: SUCCESS
get_num_songs: SUCCESS, 4
add_to_playlist: SUCCESS
get_num_songs: SUCCESS, 0
add_to_playlist: FAILURE
add_playlist: SUCCESS
add_to_playlist: SUCCESS
add_song: SUCCESS
get_num_songs: SUCCESS, 1
add_playlist: SUCCESS
add_song: SUCCESS
get_plays: SUCCESS, 354
add_to_playlist: SUCCESS
get_by_plays: SUCCESS, 1040904
delete_song: SUCCESS
get_num_songs: SUCCESS, 1
add_to_playlist: SUCCESS
get_by_plays: FAILURE
add_to_playlist: SUCCESS
add_playlist: SUCCESS
add_to_playlist: SUCCESS
get_num_songs: SUCCESS, 0
add_song: SUCCESS
get_num_songs: SUCCESS, 3
get_plays: SUCCESS, 250
add_to_playlist: SUCCESS
add_song: SUCCESS
add_to_playlist: SUCCESS
delete_playlist: SUCCESS
get_plays: SUCCESS, 636
add_to_playlist: SUCCESS
get_by_plays: FAILURE
get_num_songs: SUCCESS, 5
add_to_playlist: SUCCESS
add_song: SUCCESS
add_song: SUCCESS
get_num_songs: SUCCESS, 0
add_song: SUCCESS
get_by_plays: SUCCESS, 122918
get_plays: SUCCESS, 354
delete_song: SUCCESS
add_song: SUCCESS
add_to_playlist: FAILURE
add_song: SUCCESS
add_song: SUCCESS
add_to_playlist: SUCCESS
delete_song: SUCCESS
add_to_playlist: SUCCESS
get_num_songs: SUCCESS, 3
get_by_plays: SUCCESS, 122918
get_num_songs: SUCCESS, 3
add_playlist: SUCCESS
add_to_playlist: SUCCESS
add_to_playlist: SUCCESS
add_to_playlist: SUCCESS
get_plays: SUCCESS, 250
add_to_playlist: SUCCESS
add_song: SUCCESS
get_plays: SUCCESS, 307
add_playlist: SUCCESS
add_to_playlist: SUCCESS
add_playlist: SUCCESS
get_plays: SUCCESS, 892
add_to_playlist: SUCCESS
get_num_songs: SUCCESS, 1
get_num_songs: SUCCESS, 1
add_song: SUCCESS
add_to_playlist: SUCCESS
get_by_plays: SUCCESS, 122918
add_song: SUCCESS
remove_from_playlist: FAILURE
get_num_songs: SUCCESS, 1
get_plays: SUCCESS, 636
add_to_playlist: SUCCESS
get_num_songs: SUCCESS, 6
add_song: SUCCESS
add_to_playlist: SUCCESS
add_song: SUCCESS
get_num_songs: SUCCESS, 0
add_to_playlist: SUCCESS
add_to_playlist: SUCCESS
get_by_plays: FAILURE
add_song: SUCCESS
get_by_plays: FAILURE
get_num_songs: SUCCESS, 2
add_song: SUCCESS
get_num_songs: SUCCESS, 0
get_plays: SUCCESS, 621
get_num_songs: SUCCESS, 2
get_num_songs: SUCCESS, 2
get_num_songs: SUCCESS, 3
add_to_playlist: SUCCESS
get_by_plays: SUCCESS, 127770
add_song: SUCCESS
unite_playlists: SUCCESS
get_plays: SUCCESS, 621
add_to_playlist: SUCCESS
remove_from_playlist: SUCCESS
add_to_playlist: SUCCESS
add_playlist: SUCCESS
add_to_playlist: SUCCESS
get_num_songs: SUCCESS, 1
add_to_playlist: SUCCESS
add_playlist: SUCCESS
get_plays: SUCCESS, 890
get_plays: SUCCESS, 621
add_song: SUCCESS
get_by_plays: SUCCESS, 127770
get_num_songs: SUCCESS, 3
add_song: SUCCESS
add_song: SUCCESS
get_plays: SUCCESS, 312
add_song: SUCCESS
add_song: SUCCESS
unite_playlists: SUCCESS
add_song: SUCCESS
add_to_playlist: FAILURE
add_to_playlist: SUCCESS
add_to_playlist: FAILURE
add_to_playlist: SUCCESS
add_song: SUCCESS
get_plays: SUCCESS, 180
add_song: SUCCESS
add_to_playlist: SUCCESS
get_num_songs: SUCCESS, 6
add_to_playlist: FAILURE
add_song: SUCCESS
add_to_playlist: FAILURE
add_to_playlist: SUCCESS
get_num_songs: SUCCESS, 8
get_num_songs: FAILURE
get_num_songs: SUCCESS, 1
add_to_playlist: SUCCESS
add_song: SUCCESS
add_to_playlist: SUCCESS
delete_song: SUCCESS
get_num_songs: SUCCESS, 2
add_song: SUCCESS
add_to_playlist: SUCCESS
get_num_songs: SUCCESS, 10
get_by_plays: SUCCESS, 934670
get_by_plays: SUCCESS, 291191
add_playlist: SUCCESS
add_to_playlist: SUCCESS
get_num_songs: SUCCESS, 4
add_to_playlist: SUCCESS
add_playlist: SUCCESS
add_to_playlist: SUCCESS
get_plays: SUCCESS, 389
add_song: SUCCESS
get_num_songs: SUCCESS, 1
add_playlist: SUCCESS
get_plays: SUCCESS, 79
get_by_plays: SUCCESS, 865101
add_to_playlist: SUCCESS
add_to_playlist: SUCCESS
add_song: SUCCESS
delete_song: SUCCESS
add_song: SUCCESS
get_plays: SUCCESS, 868
add_to_playlist: SUCCESS
get_num_songs: SUCCESS, 2
add_song: SUCCESS
add_to_playlist: FAILURE
add_to_playlist: SUCCESS
add_to_playlist: SUCCESS
add_to_playlist: SUCCESS
get_by_plays: FAILURE
delete_song: SUCCESS
get_plays: SUCCESS, 512
add_to_playlist: SUCCESS
add_song: SUCCESS
add_to_playlist: SUCCESS
add_song: SUCCESS
remove_from_playlist: SUCCESS
add_to_playlist: SUCCESS
get_by_plays: SUCCESS, 565247
remove_from_playlist: SUCCESS
get_plays: SUCCESS, 250
get_plays: SUCCESS, 785
get_plays: SUCCESS, 312
add_to_playlist: SUCCESS
get_num_songs: SUCCESS, 10
get_by_plays: SUCCESS, 1040904
add_playlist: SUCCESS
add_to_playlist: SUCCESS
add_playlist: SUCCESS
get_plays: SUCCESS, 773
add_song: SUCCESS
remove_from_playlist: FAILURE
get_plays: SUCCESS, 890
get_plays: SUCCESS, 667
get_num_songs: SUCCESS, 5
get_plays: SUCCESS, 250
add_song: SUCCESS
get_num_songs: SUCCESS, 3
add_to_playlist: SUCCESS
get_plays: SUCCESS, 114
get_plays: SUCCESS, 785
add_to_playlist: SUCCESS
delete_song: SUCCESS
get_by_plays: FAILURE
unite_playlists: SUCCESS
add_to_playlist: FAILURE
get_plays: SUCCESS, 603
get_plays: SUCCESS, 695
add_to_playlist: SUCCESS
add_to_playlist: SUCCESS
add_to_playlist: SUCCESS
get_by_plays: SUCCESS, 925774
add_to_playlist: FAILURE
add_playlist: SUCCESS
get_plays: SUCCESS, 123
delete_song: FAILURE
add_to_playlist: SUCCESS
get_num_songs: SUCCESS, 1
delete_song: SUCCESS
add_playlist: SUCCESS
add_song: SUCCESS
add_to_playlist: FAILURE
remove_from_playlist: FAILURE
delete_song: SUCCESS
add_song: SUCCESS
get_by_plays: FAILURE
add_to_playlist: SUCCESS
get_num_songs: SUCCESS, 0
add_song: SUCCESS
add_to_playlist: SUCCESS
